// Jest Snapshot v1, https://goo.gl/fbAQLP

exports[`<PageForm /> renders correctly 1`] = `
<form
  className="form"
>
  <label>
    <span
      className="form-field-pre-text"
    >
      test
    </span>
    <input
      className="form-field-input"
      name="id"
      onChange={[Function]}
      placeholder="test"
      type="text"
    />
    <span
      className="form-field-sub-text"
    />
  </label>
  <input
    className="form-field-submit"
    onClick={[Function]}
    type="submit"
    value="Search"
  />
</form>
`;
